[ 2025-11-21 00:48:56,103 ] numexpr.utils - INFO - NumExpr defaulting to 4 threads.
[ 2025-11-21 00:48:58,654 ] asyncio - DEBUG - Using proactor: IocpProactor
[ 2025-11-21 00:49:20,608 ] python_multipart.multipart - DEBUG - Calling on_field_start with no data
[ 2025-11-21 00:49:20,609 ] python_multipart.multipart - DEBUG - Calling on_field_name with data[0:6]
[ 2025-11-21 00:49:20,609 ] python_multipart.multipart - DEBUG - Calling on_field_data with data[7:8]
[ 2025-11-21 00:49:20,610 ] python_multipart.multipart - DEBUG - Calling on_field_end with no data
[ 2025-11-21 00:49:20,611 ] python_multipart.multipart - DEBUG - Calling on_field_start with no data
[ 2025-11-21 00:49:20,611 ] python_multipart.multipart - DEBUG - Calling on_field_name with data[9:12]
[ 2025-11-21 00:49:20,612 ] python_multipart.multipart - DEBUG - Calling on_field_data with data[13:15]
[ 2025-11-21 00:49:20,613 ] python_multipart.multipart - DEBUG - Calling on_field_end with no data
[ 2025-11-21 00:49:20,614 ] python_multipart.multipart - DEBUG - Calling on_field_start with no data
[ 2025-11-21 00:49:20,614 ] python_multipart.multipart - DEBUG - Calling on_field_name with data[16:31]
[ 2025-11-21 00:49:20,615 ] python_multipart.multipart - DEBUG - Calling on_field_data with data[32:33]
[ 2025-11-21 00:49:20,616 ] python_multipart.multipart - DEBUG - Calling on_field_end with no data
[ 2025-11-21 00:49:20,617 ] python_multipart.multipart - DEBUG - Calling on_field_start with no data
[ 2025-11-21 00:49:20,617 ] python_multipart.multipart - DEBUG - Calling on_field_name with data[34:45]
[ 2025-11-21 00:49:20,618 ] python_multipart.multipart - DEBUG - Calling on_field_data with data[46:47]
[ 2025-11-21 00:49:20,619 ] python_multipart.multipart - DEBUG - Calling on_field_end with no data
[ 2025-11-21 00:49:20,620 ] python_multipart.multipart - DEBUG - Calling on_field_start with no data
[ 2025-11-21 00:49:20,621 ] python_multipart.multipart - DEBUG - Calling on_field_name with data[48:66]
[ 2025-11-21 00:49:20,622 ] python_multipart.multipart - DEBUG - Calling on_field_data with data[67:68]
[ 2025-11-21 00:49:20,623 ] python_multipart.multipart - DEBUG - Calling on_field_end with no data
[ 2025-11-21 00:49:20,624 ] python_multipart.multipart - DEBUG - Calling on_field_start with no data
[ 2025-11-21 00:49:20,625 ] python_multipart.multipart - DEBUG - Calling on_field_name with data[69:83]
[ 2025-11-21 00:49:20,626 ] python_multipart.multipart - DEBUG - Calling on_field_data with data[84:89]
[ 2025-11-21 00:49:20,627 ] python_multipart.multipart - DEBUG - Calling on_field_end with no data
[ 2025-11-21 00:49:20,629 ] python_multipart.multipart - DEBUG - Calling on_field_start with no data
[ 2025-11-21 00:49:20,630 ] python_multipart.multipart - DEBUG - Calling on_field_name with data[90:110]
[ 2025-11-21 00:49:20,631 ] python_multipart.multipart - DEBUG - Calling on_field_data with data[111:114]
[ 2025-11-21 00:49:20,632 ] python_multipart.multipart - DEBUG - Calling on_field_end with no data
[ 2025-11-21 00:49:20,633 ] python_multipart.multipart - DEBUG - Calling on_field_start with no data
[ 2025-11-21 00:49:20,637 ] python_multipart.multipart - DEBUG - Calling on_field_name with data[115:122]
[ 2025-11-21 00:49:20,639 ] python_multipart.multipart - DEBUG - Calling on_field_data with data[123:126]
[ 2025-11-21 00:49:20,639 ] python_multipart.multipart - DEBUG - Calling on_field_end with no data
[ 2025-11-21 00:49:20,640 ] python_multipart.multipart - DEBUG - Calling on_field_start with no data
[ 2025-11-21 00:49:20,642 ] python_multipart.multipart - DEBUG - Calling on_field_name with data[127:148]
[ 2025-11-21 00:49:20,642 ] python_multipart.multipart - DEBUG - Calling on_field_data with data[149:150]
[ 2025-11-21 00:49:20,643 ] python_multipart.multipart - DEBUG - Calling on_field_end with no data
[ 2025-11-21 00:49:20,645 ] python_multipart.multipart - DEBUG - Calling on_field_start with no data
[ 2025-11-21 00:49:20,646 ] python_multipart.multipart - DEBUG - Calling on_field_name with data[151:173]
[ 2025-11-21 00:49:20,647 ] python_multipart.multipart - DEBUG - Calling on_field_data with data[174:175]
[ 2025-11-21 00:49:20,648 ] python_multipart.multipart - DEBUG - Calling on_field_end with no data
[ 2025-11-21 00:49:20,649 ] python_multipart.multipart - DEBUG - Calling on_field_start with no data
[ 2025-11-21 00:49:20,650 ] python_multipart.multipart - DEBUG - Calling on_field_name with data[176:194]
[ 2025-11-21 00:49:20,651 ] python_multipart.multipart - DEBUG - Calling on_field_data with data[195:196]
[ 2025-11-21 00:49:20,652 ] python_multipart.multipart - DEBUG - Calling on_field_end with no data
[ 2025-11-21 00:49:20,653 ] python_multipart.multipart - DEBUG - Calling on_end with no data
[ 2025-11-21 00:49:20,654 ] root - INFO - Entered get_usvisa_data_as_dict method as VehicleData class
[ 2025-11-21 00:49:20,655 ] root - INFO - Created vehicle data dict
[ 2025-11-21 00:49:20,656 ] root - INFO - Exited get_vehicle_data_as_dict method as VehicleData class
[ 2025-11-21 00:49:20,660 ] root - INFO - Entered predict method of VehicleDataClassifier class
[ 2025-11-21 00:49:20,664 ] botocore.hooks - DEBUG - Changing event name from creating-client-class.iot-data to creating-client-class.iot-data-plane
[ 2025-11-21 00:49:20,681 ] botocore.hooks - DEBUG - Changing event name from before-call.apigateway to before-call.api-gateway
[ 2025-11-21 00:49:20,691 ] botocore.hooks - DEBUG - Changing event name from request-created.machinelearning.Predict to request-created.machine-learning.Predict
[ 2025-11-21 00:49:20,697 ] botocore.hooks - DEBUG - Changing event name from before-parameter-build.autoscaling.CreateLaunchConfiguration to before-parameter-build.auto-scaling.CreateLaunchConfiguration
[ 2025-11-21 00:49:20,699 ] botocore.hooks - DEBUG - Changing event name from before-parameter-build.route53 to before-parameter-build.route-53
[ 2025-11-21 00:49:20,708 ] botocore.hooks - DEBUG - Changing event name from request-created.cloudsearchdomain.Search to request-created.cloudsearch-domain.Search
[ 2025-11-21 00:49:20,711 ] botocore.hooks - DEBUG - Changing event name from docs.*.autoscaling.CreateLaunchConfiguration.complete-section to docs.*.auto-scaling.CreateLaunchConfiguration.complete-section
[ 2025-11-21 00:49:20,723 ] botocore.hooks - DEBUG - Changing event name from before-parameter-build.logs.CreateExportTask to before-parameter-build.cloudwatch-logs.CreateExportTask
[ 2025-11-21 00:49:20,724 ] botocore.hooks - DEBUG - Changing event name from docs.*.logs.CreateExportTask.complete-section to docs.*.cloudwatch-logs.CreateExportTask.complete-section
[ 2025-11-21 00:49:20,725 ] botocore.hooks - DEBUG - Changing event name from before-parameter-build.cloudsearchdomain.Search to before-parameter-build.cloudsearch-domain.Search
[ 2025-11-21 00:49:20,726 ] botocore.hooks - DEBUG - Changing event name from docs.*.cloudsearchdomain.Search.complete-section to docs.*.cloudsearch-domain.Search.complete-section
[ 2025-11-21 00:49:20,886 ] botocore.loaders - DEBUG - Loading JSON file: C:\Users\shahz\miniconda3\envs\Insurense\lib\site-packages\boto3\data\s3\2006-03-01\resources-1.json
[ 2025-11-21 00:49:20,955 ] botocore.loaders - DEBUG - Loading JSON file: C:\Users\shahz\miniconda3\envs\Insurense\lib\site-packages\botocore\data\endpoints.json
[ 2025-11-21 00:49:20,980 ] botocore.loaders - DEBUG - Loading JSON file: C:\Users\shahz\miniconda3\envs\Insurense\lib\site-packages\botocore\data\sdk-default-configuration.json
[ 2025-11-21 00:49:20,981 ] botocore.hooks - DEBUG - Event choose-service-name: calling handler <function handle_service_name_alias at 0x000001EF1AA11870>
[ 2025-11-21 00:49:21,110 ] botocore.loaders - DEBUG - Loading JSON file: C:\Users\shahz\miniconda3\envs\Insurense\lib\site-packages\botocore\data\s3\2006-03-01\service-2.json.gz
[ 2025-11-21 00:49:21,124 ] botocore.loaders - DEBUG - Loading JSON file: C:\Users\shahz\miniconda3\envs\Insurense\lib\site-packages\botocore\data\s3\2006-03-01\service-2.sdk-extras.json
[ 2025-11-21 00:49:21,259 ] botocore.loaders - DEBUG - Loading JSON file: C:\Users\shahz\miniconda3\envs\Insurense\lib\site-packages\botocore\data\s3\2006-03-01\endpoint-rule-set-1.json.gz
[ 2025-11-21 00:49:21,268 ] botocore.loaders - DEBUG - Loading JSON file: C:\Users\shahz\miniconda3\envs\Insurense\lib\site-packages\botocore\data\partitions.json
[ 2025-11-21 00:49:21,273 ] botocore.hooks - DEBUG - Event creating-client-class.s3: calling handler <function add_generate_presigned_post at 0x000001EF1A9A0430>
[ 2025-11-21 00:49:21,274 ] botocore.hooks - DEBUG - Event creating-client-class.s3: calling handler <function lazy_call.<locals>._handler at 0x000001EF1FEB09D0>
[ 2025-11-21 00:49:21,276 ] botocore.hooks - DEBUG - Event creating-client-class.s3: calling handler <function add_generate_presigned_url at 0x000001EF1A9A01F0>
[ 2025-11-21 00:49:21,277 ] botocore.configprovider - DEBUG - Looking for endpoint for s3 via: environment_service
[ 2025-11-21 00:49:21,277 ] botocore.configprovider - DEBUG - Looking for endpoint for s3 via: environment_global
[ 2025-11-21 00:49:21,278 ] botocore.configprovider - DEBUG - Looking for endpoint for s3 via: config_service
[ 2025-11-21 00:49:21,278 ] botocore.configprovider - DEBUG - Looking for endpoint for s3 via: config_global
[ 2025-11-21 00:49:21,279 ] botocore.configprovider - DEBUG - No configured endpoint found.
[ 2025-11-21 00:49:21,283 ] botocore.endpoint - DEBUG - Setting s3 timeout as (60, 60)
[ 2025-11-21 00:49:21,290 ] botocore.loaders - DEBUG - Loading JSON file: C:\Users\shahz\miniconda3\envs\Insurense\lib\site-packages\botocore\data\_retry.json
[ 2025-11-21 00:49:21,291 ] botocore.client - DEBUG - Registering retry handlers for service: s3
[ 2025-11-21 00:49:21,291 ] botocore.utils - DEBUG - Registering S3 region redirector handler
[ 2025-11-21 00:49:21,292 ] botocore.utils - DEBUG - Registering S3Express Identity Resolver
[ 2025-11-21 00:49:21,293 ] boto3.resources.factory - DEBUG - Loading s3:s3
[ 2025-11-21 00:49:21,295 ] botocore.hooks - DEBUG - Event choose-service-name: calling handler <function handle_service_name_alias at 0x000001EF1AA11870>
[ 2025-11-21 00:49:21,299 ] botocore.hooks - DEBUG - Event creating-client-class.s3: calling handler <function add_generate_presigned_post at 0x000001EF1A9A0430>
[ 2025-11-21 00:49:21,299 ] botocore.hooks - DEBUG - Event creating-client-class.s3: calling handler <function lazy_call.<locals>._handler at 0x000001EF1FEB09D0>
[ 2025-11-21 00:49:21,300 ] botocore.hooks - DEBUG - Event creating-client-class.s3: calling handler <function add_generate_presigned_url at 0x000001EF1A9A01F0>
[ 2025-11-21 00:49:21,300 ] botocore.configprovider - DEBUG - Looking for endpoint for s3 via: environment_service
[ 2025-11-21 00:49:21,302 ] botocore.configprovider - DEBUG - Looking for endpoint for s3 via: environment_global
[ 2025-11-21 00:49:21,302 ] botocore.configprovider - DEBUG - Looking for endpoint for s3 via: config_service
[ 2025-11-21 00:49:21,303 ] botocore.configprovider - DEBUG - Looking for endpoint for s3 via: config_global
[ 2025-11-21 00:49:21,304 ] botocore.configprovider - DEBUG - No configured endpoint found.
[ 2025-11-21 00:49:21,305 ] botocore.endpoint - DEBUG - Setting s3 timeout as (60, 60)
[ 2025-11-21 00:49:21,308 ] botocore.client - DEBUG - Registering retry handlers for service: s3
[ 2025-11-21 00:49:21,309 ] botocore.utils - DEBUG - Registering S3 region redirector handler
[ 2025-11-21 00:49:21,310 ] botocore.utils - DEBUG - Registering S3Express Identity Resolver
[ 2025-11-21 00:49:21,311 ] root - INFO - Entered the get_file_object method of SimpleStorageService class
[ 2025-11-21 00:49:21,312 ] root - INFO - Entered the get_bucket method of SimpleStorageService class
[ 2025-11-21 00:49:21,312 ] boto3.resources.factory - DEBUG - Loading s3:Bucket
[ 2025-11-21 00:49:21,313 ] boto3.resources.model - DEBUG - Renaming Bucket attribute name
[ 2025-11-21 00:49:21,315 ] botocore.hooks - DEBUG - Event creating-resource-class.s3.Bucket: calling handler <function lazy_call.<locals>._handler at 0x000001EF1FEB0E50>
[ 2025-11-21 00:49:21,315 ] root - INFO - Exited the get_bucket method of SimpleStorageService class
[ 2025-11-21 00:49:21,433 ] botocore.loaders - DEBUG - Loading JSON file: C:\Users\shahz\miniconda3\envs\Insurense\lib\site-packages\botocore\data\s3\2006-03-01\paginators-1.json
[ 2025-11-21 00:49:21,436 ] botocore.loaders - DEBUG - Loading JSON file: C:\Users\shahz\miniconda3\envs\Insurense\lib\site-packages\botocore\data\s3\2006-03-01\paginators-1.sdk-extras.json
[ 2025-11-21 00:49:21,436 ] boto3.resources.collection - DEBUG - Calling paginated s3:list_objects with {'Bucket': 'mlops-app-shahzaib', 'Prefix': 'model.pkl'}
[ 2025-11-21 00:49:21,437 ] botocore.hooks - DEBUG - Event before-parameter-build.s3.ListObjects: calling handler <function set_list_objects_encoding_type_url at 0x000001EF1AA30430>
[ 2025-11-21 00:49:21,438 ] botocore.hooks - DEBUG - Event before-parameter-build.s3.ListObjects: calling handler <function validate_bucket_name at 0x000001EF1AA13130>
[ 2025-11-21 00:49:21,438 ] botocore.hooks - DEBUG - Event before-parameter-build.s3.ListObjects: calling handler <function remove_bucket_from_url_paths_from_model at 0x000001EF1AA31120>
[ 2025-11-21 00:49:21,439 ] botocore.hooks - DEBUG - Event before-parameter-build.s3.ListObjects: calling handler <bound method S3RegionRedirectorv2.annotate_request_context of <botocore.utils.S3RegionRedirectorv2 object at 0x000001EF21B3E110>>
[ 2025-11-21 00:49:21,439 ] botocore.hooks - DEBUG - Event before-parameter-build.s3.ListObjects: calling handler <bound method ClientCreator._inject_s3_input_parameters of <botocore.client.ClientCreator object at 0x000001EF1FF21120>>
[ 2025-11-21 00:49:21,440 ] botocore.hooks - DEBUG - Event before-parameter-build.s3.ListObjects: calling handler <function generate_idempotent_uuid at 0x000001EF1AA12F80>
[ 2025-11-21 00:49:21,440 ] botocore.hooks - DEBUG - Event before-parameter-build.s3.ListObjects: calling handler <function _handle_request_validation_mode_member at 0x000001EF1AA31750>
[ 2025-11-21 00:49:21,441 ] botocore.hooks - DEBUG - Event before-endpoint-resolution.s3: calling handler <function customize_endpoint_resolver_builtins at 0x000001EF1AA312D0>
[ 2025-11-21 00:49:21,441 ] botocore.hooks - DEBUG - Event before-endpoint-resolution.s3: calling handler <bound method S3RegionRedirectorv2.redirect_from_cache of <botocore.utils.S3RegionRedirectorv2 object at 0x000001EF21B3E110>>
[ 2025-11-21 00:49:21,442 ] botocore.regions - DEBUG - Calling endpoint provider with parameters: {'Bucket': 'mlops-app-shahzaib', 'Region': 'us-east-1', 'UseFIPS': False, 'UseDualStack': False, 'ForcePathStyle': False, 'Accelerate': False, 'UseGlobalEndpoint': True, 'Prefix': 'model.pkl', 'DisableMultiRegionAccessPoints': False, 'UseArnRegion': True}
[ 2025-11-21 00:49:21,443 ] botocore.regions - DEBUG - Endpoint provider result: https://mlops-app-shahzaib.s3.amazonaws.com
[ 2025-11-21 00:49:21,444 ] botocore.regions - DEBUG - Selecting from endpoint provider's list of auth schemes: "sigv4". User selected auth scheme is: "None"
[ 2025-11-21 00:49:21,444 ] botocore.regions - DEBUG - Selected auth type "v4" as "v4" with signing context params: {'region': 'us-east-1', 'signing_name': 's3', 'disableDoubleEncoding': True}
[ 2025-11-21 00:49:21,445 ] botocore.hooks - DEBUG - Event before-call.s3.ListObjects: calling handler <function add_expect_header at 0x000001EF1AA13490>
[ 2025-11-21 00:49:21,446 ] botocore.hooks - DEBUG - Event before-call.s3.ListObjects: calling handler <bound method S3ExpressIdentityResolver.apply_signing_cache_key of <botocore.utils.S3ExpressIdentityResolver object at 0x000001EF21B3E1A0>>
[ 2025-11-21 00:49:21,446 ] botocore.hooks - DEBUG - Event before-call.s3.ListObjects: calling handler <function add_recursion_detection_header at 0x000001EF1AA12B00>
[ 2025-11-21 00:49:21,446 ] botocore.hooks - DEBUG - Event before-call.s3.ListObjects: calling handler <function inject_api_version_header_if_needed at 0x000001EF1AA30820>
[ 2025-11-21 00:49:21,447 ] botocore.endpoint - DEBUG - Making request for OperationModel(name=ListObjects) with params: {'url_path': '', 'query_string': {'prefix': 'model.pkl', 'encoding-type': 'url'}, 'method': 'GET', 'headers': {'User-Agent': 'Boto3/1.41.0 md/Botocore#1.41.0 ua/2.1 os/windows#10 md/arch#amd64 lang/python#3.10.19 md/pyimpl#CPython m/b,D,Z,e,C cfg/retry-mode#legacy Botocore/1.41.0 Resource'}, 'body': b'', 'auth_path': '/mlops-app-shahzaib/', 'url': 'https://mlops-app-shahzaib.s3.amazonaws.com/?prefix=model.pkl&encoding-type=url', 'context': {'client_region': 'us-east-1', 'client_config': <botocore.config.Config object at 0x000001EF21AE39A0>, 'has_streaming_input': False, 'auth_type': 'v4', 'unsigned_payload': None, 'auth_options': ['aws.auth#sigv4'], 'encoding_type_auto_set': True, 's3_redirect': {'redirected': False, 'bucket': 'mlops-app-shahzaib', 'params': {'Bucket': 'mlops-app-shahzaib', 'Prefix': 'model.pkl', 'EncodingType': 'url'}}, 'input_params': {'Bucket': 'mlops-app-shahzaib', 'Prefix': 'model.pkl'}, 'signing': {'region': 'us-east-1', 'signing_name': 's3', 'disableDoubleEncoding': True}, 'endpoint_properties': {'authSchemes': [{'disableDoubleEncoding': True, 'name': 'sigv4', 'signingName': 's3', 'signingRegion': 'us-east-1'}]}}}
[ 2025-11-21 00:49:21,448 ] botocore.hooks - DEBUG - Event request-created.s3.ListObjects: calling handler <bound method RequestSigner.handler of <botocore.signers.RequestSigner object at 0x000001EF21AE3880>>
[ 2025-11-21 00:49:21,448 ] botocore.hooks - DEBUG - Event choose-signer.s3.ListObjects: calling handler <bound method ClientCreator._default_s3_presign_to_sigv2 of <botocore.client.ClientCreator object at 0x000001EF1FF21120>>
[ 2025-11-21 00:49:21,449 ] botocore.hooks - DEBUG - Event choose-signer.s3.ListObjects: calling handler <function set_operation_specific_signer at 0x000001EF1AA12D40>
[ 2025-11-21 00:49:21,449 ] botocore.hooks - DEBUG - Event before-sign.s3.ListObjects: calling handler <function remove_arn_from_signing_path at 0x000001EF1AA31240>
[ 2025-11-21 00:49:21,450 ] botocore.hooks - DEBUG - Event before-sign.s3.ListObjects: calling handler <function _set_extra_headers_for_unsigned_request at 0x000001EF1AA317E0>
[ 2025-11-21 00:49:21,450 ] botocore.hooks - DEBUG - Event before-sign.s3.ListObjects: calling handler <bound method S3ExpressIdentityResolver.resolve_s3express_identity of <botocore.utils.S3ExpressIdentityResolver object at 0x000001EF21B3E1A0>>
[ 2025-11-21 00:49:21,451 ] botocore.auth - DEBUG - Calculating signature using v4 auth.
[ 2025-11-21 00:49:21,454 ] botocore.auth - DEBUG - CanonicalRequest:
GET
/
encoding-type=url&prefix=model.pkl
host:mlops-app-shahzaib.s3.amazonaws.com
x-amz-content-sha256:e3b0c44298fc1c149afbf4c8996fb92427ae41e4649b934ca495991b7852b855
x-amz-date:20251121T084921Z

host;x-amz-content-sha256;x-amz-date
e3b0c44298fc1c149afbf4c8996fb92427ae41e4649b934ca495991b7852b855
[ 2025-11-21 00:49:21,454 ] botocore.auth - DEBUG - StringToSign:
AWS4-HMAC-SHA256
20251121T084921Z
20251121/us-east-1/s3/aws4_request
0e41d0f4184a27ff892a3c0907b318c1c8fc6977f6b44a1a007dea6693b782fe
[ 2025-11-21 00:49:21,455 ] botocore.auth - DEBUG - Signature:
e297488fa41ab2ad327427fc6911cfa0daf5b5d8a7e7818f20eb7b0a4af58160
[ 2025-11-21 00:49:21,456 ] botocore.hooks - DEBUG - Event request-created.s3.ListObjects: calling handler <bound method UserAgentString.rebuild_and_replace_user_agent_handler of <botocore.useragent.UserAgentString object at 0x000001EF21B3DB10>>
[ 2025-11-21 00:49:21,456 ] botocore.hooks - DEBUG - Event request-created.s3.ListObjects: calling handler <function add_retry_headers at 0x000001EF1AA31090>
[ 2025-11-21 00:49:21,457 ] botocore.endpoint - DEBUG - Sending http request: <AWSPreparedRequest stream_output=False, method=GET, url=https://mlops-app-shahzaib.s3.amazonaws.com/?prefix=model.pkl&encoding-type=url, headers={'User-Agent': b'Boto3/1.41.0 md/Botocore#1.41.0 ua/2.1 os/windows#10 md/arch#amd64 lang/python#3.10.19 md/pyimpl#CPython m/b,D,Z,e,C cfg/retry-mode#legacy Botocore/1.41.0 Resource', 'X-Amz-Date': b'20251121T084921Z', 'X-Amz-Content-SHA256': b'e3b0c44298fc1c149afbf4c8996fb92427ae41e4649b934ca495991b7852b855', 'Authorization': b'AWS4-HMAC-SHA256 Credential=AKIA6KK2TEREDRVD7MMZ/20251121/us-east-1/s3/aws4_request, SignedHeaders=host;x-amz-content-sha256;x-amz-date, Signature=e297488fa41ab2ad327427fc6911cfa0daf5b5d8a7e7818f20eb7b0a4af58160', 'amz-sdk-invocation-id': b'f3a5318a-47d7-43df-87eb-affda2082f1d', 'amz-sdk-request': b'attempt=1'}>
[ 2025-11-21 00:49:21,458 ] botocore.httpsession - DEBUG - Certificate path: C:\Users\shahz\miniconda3\envs\Insurense\lib\site-packages\certifi\cacert.pem
[ 2025-11-21 00:49:21,459 ] urllib3.connectionpool - DEBUG - Starting new HTTPS connection (1): mlops-app-shahzaib.s3.amazonaws.com:443
[ 2025-11-21 00:49:22,903 ] urllib3.connectionpool - DEBUG - https://mlops-app-shahzaib.s3.amazonaws.com:443 "GET /?prefix=model.pkl&encoding-type=url HTTP/1.1" 200 None
[ 2025-11-21 00:49:22,904 ] botocore.hooks - DEBUG - Event before-parse.s3.ListObjects: calling handler <function _handle_200_error at 0x000001EF1AA315A0>
[ 2025-11-21 00:49:22,905 ] botocore.hooks - DEBUG - Event before-parse.s3.ListObjects: calling handler <function handle_expires_header at 0x000001EF1AA313F0>
[ 2025-11-21 00:49:22,905 ] botocore.parsers - DEBUG - Response headers: {'x-amz-id-2': 'Nnr2kuDlabjg/GGRICCQh41KfS7B01h5Gt2ynIQP+GAK3P72pd8uylXKj2/1ERhgoMw5q5rik4M=', 'x-amz-request-id': 'C0YQ8KKFFHD08T18', 'Date': 'Fri, 21 Nov 2025 08:49:24 GMT', 'x-amz-bucket-region': 'us-east-1', 'Content-Type': 'application/xml', 'Transfer-Encoding': 'chunked', 'Server': 'AmazonS3'}
[ 2025-11-21 00:49:22,906 ] botocore.parsers - DEBUG - Response body:
b'<?xml version="1.0" encoding="UTF-8"?>\n<ListBucketResult xmlns="http://s3.amazonaws.com/doc/2006-03-01/"><Name>mlops-app-shahzaib</Name><Prefix>model.pkl</Prefix><Marker></Marker><MaxKeys>1000</MaxKeys><EncodingType>url</EncodingType><IsTruncated>false</IsTruncated><Contents><Key>model.pkl</Key><LastModified>2025-11-21T08:41:21.000Z</LastModified><ETag>&quot;5d5a8fd2dd439df28d58839c8acd444b-2&quot;</ETag><ChecksumAlgorithm>CRC32</ChecksumAlgorithm><ChecksumType>COMPOSITE</ChecksumType><Size>9558149</Size><Owner><ID>0eebe2e8e173ba4ec0bdd4d82694908498c8befec1e185638d66633623b69659</ID></Owner><StorageClass>STANDARD</StorageClass></Contents></ListBucketResult>'
[ 2025-11-21 00:49:22,910 ] botocore.hooks - DEBUG - Event needs-retry.s3.ListObjects: calling handler <function _update_status_code at 0x000001EF1AA316C0>
[ 2025-11-21 00:49:22,910 ] botocore.hooks - DEBUG - Event needs-retry.s3.ListObjects: calling handler <botocore.retryhandler.RetryHandler object at 0x000001EF21B3E050>
[ 2025-11-21 00:49:22,911 ] botocore.retryhandler - DEBUG - No retry needed.
[ 2025-11-21 00:49:22,911 ] botocore.hooks - DEBUG - Event needs-retry.s3.ListObjects: calling handler <bound method S3RegionRedirectorv2.redirect_from_error of <botocore.utils.S3RegionRedirectorv2 object at 0x000001EF21B3E110>>
[ 2025-11-21 00:49:22,912 ] botocore.hooks - DEBUG - Event after-call.s3.ListObjects: calling handler <function decode_list_object at 0x000001EF1AA304C0>
[ 2025-11-21 00:49:22,913 ] boto3.resources.factory - DEBUG - Loading s3:ObjectSummary
[ 2025-11-21 00:49:22,914 ] boto3.resources.model - DEBUG - Renaming ObjectSummary attribute key
[ 2025-11-21 00:49:22,915 ] botocore.hooks - DEBUG - Event creating-resource-class.s3.ObjectSummary: calling handler <function lazy_call.<locals>._handler at 0x000001EF1FEB0F70>
[ 2025-11-21 00:49:22,916 ] root - INFO - Exited the get_file_object method of SimpleStorageService class
[ 2025-11-21 00:49:22,918 ] boto3.resources.action - DEBUG - Calling s3:get_object with {'Bucket': 'mlops-app-shahzaib', 'Key': 'model.pkl'}
[ 2025-11-21 00:49:22,919 ] botocore.hooks - DEBUG - Event before-parameter-build.s3.GetObject: calling handler <function sse_md5 at 0x000001EF1AA131C0>
[ 2025-11-21 00:49:22,919 ] botocore.hooks - DEBUG - Event before-parameter-build.s3.GetObject: calling handler <function validate_bucket_name at 0x000001EF1AA13130>
[ 2025-11-21 00:49:22,920 ] botocore.hooks - DEBUG - Event before-parameter-build.s3.GetObject: calling handler <function remove_bucket_from_url_paths_from_model at 0x000001EF1AA31120>
[ 2025-11-21 00:49:22,921 ] botocore.hooks - DEBUG - Event before-parameter-build.s3.GetObject: calling handler <bound method S3RegionRedirectorv2.annotate_request_context of <botocore.utils.S3RegionRedirectorv2 object at 0x000001EF21B3E110>>
[ 2025-11-21 00:49:22,921 ] botocore.hooks - DEBUG - Event before-parameter-build.s3.GetObject: calling handler <bound method ClientCreator._inject_s3_input_parameters of <botocore.client.ClientCreator object at 0x000001EF1FF21120>>
[ 2025-11-21 00:49:22,922 ] botocore.hooks - DEBUG - Event before-parameter-build.s3.GetObject: calling handler <function generate_idempotent_uuid at 0x000001EF1AA12F80>
[ 2025-11-21 00:49:22,923 ] botocore.hooks - DEBUG - Event before-parameter-build.s3.GetObject: calling handler <function _handle_request_validation_mode_member at 0x000001EF1AA31750>
[ 2025-11-21 00:49:22,924 ] botocore.hooks - DEBUG - Event before-endpoint-resolution.s3: calling handler <function customize_endpoint_resolver_builtins at 0x000001EF1AA312D0>
[ 2025-11-21 00:49:22,924 ] botocore.hooks - DEBUG - Event before-endpoint-resolution.s3: calling handler <bound method S3RegionRedirectorv2.redirect_from_cache of <botocore.utils.S3RegionRedirectorv2 object at 0x000001EF21B3E110>>
[ 2025-11-21 00:49:22,925 ] botocore.regions - DEBUG - Calling endpoint provider with parameters: {'Bucket': 'mlops-app-shahzaib', 'Region': 'us-east-1', 'UseFIPS': False, 'UseDualStack': False, 'ForcePathStyle': False, 'Accelerate': False, 'UseGlobalEndpoint': True, 'Key': 'model.pkl', 'DisableMultiRegionAccessPoints': False, 'UseArnRegion': True}
[ 2025-11-21 00:49:22,926 ] botocore.regions - DEBUG - Endpoint provider result: https://mlops-app-shahzaib.s3.amazonaws.com
[ 2025-11-21 00:49:22,927 ] botocore.regions - DEBUG - Selecting from endpoint provider's list of auth schemes: "sigv4". User selected auth scheme is: "None"
[ 2025-11-21 00:49:22,928 ] botocore.regions - DEBUG - Selected auth type "v4" as "v4" with signing context params: {'region': 'us-east-1', 'signing_name': 's3', 'disableDoubleEncoding': True}
[ 2025-11-21 00:49:22,930 ] botocore.hooks - DEBUG - Event before-call.s3.GetObject: calling handler <function add_expect_header at 0x000001EF1AA13490>
[ 2025-11-21 00:49:22,931 ] botocore.hooks - DEBUG - Event before-call.s3.GetObject: calling handler <bound method S3ExpressIdentityResolver.apply_signing_cache_key of <botocore.utils.S3ExpressIdentityResolver object at 0x000001EF21B3E1A0>>
[ 2025-11-21 00:49:22,932 ] botocore.hooks - DEBUG - Event before-call.s3.GetObject: calling handler <function add_recursion_detection_header at 0x000001EF1AA12B00>
[ 2025-11-21 00:49:22,933 ] botocore.hooks - DEBUG - Event before-call.s3.GetObject: calling handler <function inject_api_version_header_if_needed at 0x000001EF1AA30820>
[ 2025-11-21 00:49:22,934 ] botocore.endpoint - DEBUG - Making request for OperationModel(name=GetObject) with params: {'url_path': '/model.pkl', 'query_string': {}, 'method': 'GET', 'headers': {'x-amz-checksum-mode': 'ENABLED', 'User-Agent': 'Boto3/1.41.0 md/Botocore#1.41.0 ua/2.1 os/windows#10 md/arch#amd64 lang/python#3.10.19 md/pyimpl#CPython m/D,Z,e,b cfg/retry-mode#legacy Botocore/1.41.0 Resource'}, 'body': b'', 'auth_path': '/mlops-app-shahzaib/model.pkl', 'url': 'https://mlops-app-shahzaib.s3.amazonaws.com/model.pkl', 'context': {'client_region': 'us-east-1', 'client_config': <botocore.config.Config object at 0x000001EF21AE39A0>, 'has_streaming_input': False, 'auth_type': 'v4', 'unsigned_payload': None, 'auth_options': ['aws.auth#sigv4'], 's3_redirect': {'redirected': False, 'bucket': 'mlops-app-shahzaib', 'params': {'Bucket': 'mlops-app-shahzaib', 'Key': 'model.pkl', 'ChecksumMode': 'ENABLED'}}, 'input_params': {'Bucket': 'mlops-app-shahzaib', 'Key': 'model.pkl'}, 'signing': {'region': 'us-east-1', 'signing_name': 's3', 'disableDoubleEncoding': True}, 'endpoint_properties': {'authSchemes': [{'disableDoubleEncoding': True, 'name': 'sigv4', 'signingName': 's3', 'signingRegion': 'us-east-1'}]}, 'checksum': {'response_algorithms': ['crc32', 'sha1', 'sha256']}}}
[ 2025-11-21 00:49:22,938 ] botocore.hooks - DEBUG - Event request-created.s3.GetObject: calling handler <bound method RequestSigner.handler of <botocore.signers.RequestSigner object at 0x000001EF21AE3880>>
[ 2025-11-21 00:49:22,940 ] botocore.hooks - DEBUG - Event choose-signer.s3.GetObject: calling handler <bound method ClientCreator._default_s3_presign_to_sigv2 of <botocore.client.ClientCreator object at 0x000001EF1FF21120>>
[ 2025-11-21 00:49:22,940 ] botocore.hooks - DEBUG - Event choose-signer.s3.GetObject: calling handler <function set_operation_specific_signer at 0x000001EF1AA12D40>
[ 2025-11-21 00:49:22,941 ] botocore.hooks - DEBUG - Event before-sign.s3.GetObject: calling handler <function remove_arn_from_signing_path at 0x000001EF1AA31240>
[ 2025-11-21 00:49:22,942 ] botocore.hooks - DEBUG - Event before-sign.s3.GetObject: calling handler <function _set_extra_headers_for_unsigned_request at 0x000001EF1AA317E0>
[ 2025-11-21 00:49:22,942 ] botocore.hooks - DEBUG - Event before-sign.s3.GetObject: calling handler <bound method S3ExpressIdentityResolver.resolve_s3express_identity of <botocore.utils.S3ExpressIdentityResolver object at 0x000001EF21B3E1A0>>
[ 2025-11-21 00:49:22,944 ] botocore.auth - DEBUG - Calculating signature using v4 auth.
[ 2025-11-21 00:49:22,945 ] botocore.auth - DEBUG - CanonicalRequest:
GET
/model.pkl

host:mlops-app-shahzaib.s3.amazonaws.com
x-amz-checksum-mode:ENABLED
x-amz-content-sha256:e3b0c44298fc1c149afbf4c8996fb92427ae41e4649b934ca495991b7852b855
x-amz-date:20251121T084922Z

host;x-amz-checksum-mode;x-amz-content-sha256;x-amz-date
e3b0c44298fc1c149afbf4c8996fb92427ae41e4649b934ca495991b7852b855
[ 2025-11-21 00:49:22,945 ] botocore.auth - DEBUG - StringToSign:
AWS4-HMAC-SHA256
20251121T084922Z
20251121/us-east-1/s3/aws4_request
3b9f48a41b90987a0455f43f81828a317a2702594b2d66d4d3772b4dc65e5712
[ 2025-11-21 00:49:22,945 ] botocore.auth - DEBUG - Signature:
c06afc294ff3630fd647e976f7c9b7acb171dd06873da21b712bc4b155e6b7f6
[ 2025-11-21 00:49:22,946 ] botocore.hooks - DEBUG - Event request-created.s3.GetObject: calling handler <bound method UserAgentString.rebuild_and_replace_user_agent_handler of <botocore.useragent.UserAgentString object at 0x000001EF21B3DB10>>
[ 2025-11-21 00:49:22,946 ] botocore.hooks - DEBUG - Event request-created.s3.GetObject: calling handler <function add_retry_headers at 0x000001EF1AA31090>
[ 2025-11-21 00:49:22,947 ] botocore.endpoint - DEBUG - Sending http request: <AWSPreparedRequest stream_output=True, method=GET, url=https://mlops-app-shahzaib.s3.amazonaws.com/model.pkl, headers={'x-amz-checksum-mode': b'ENABLED', 'User-Agent': b'Boto3/1.41.0 md/Botocore#1.41.0 ua/2.1 os/windows#10 md/arch#amd64 lang/python#3.10.19 md/pyimpl#CPython m/D,Z,e,b cfg/retry-mode#legacy Botocore/1.41.0 Resource', 'X-Amz-Date': b'20251121T084922Z', 'X-Amz-Content-SHA256': b'e3b0c44298fc1c149afbf4c8996fb92427ae41e4649b934ca495991b7852b855', 'Authorization': b'AWS4-HMAC-SHA256 Credential=AKIA6KK2TEREDRVD7MMZ/20251121/us-east-1/s3/aws4_request, SignedHeaders=host;x-amz-checksum-mode;x-amz-content-sha256;x-amz-date, Signature=c06afc294ff3630fd647e976f7c9b7acb171dd06873da21b712bc4b155e6b7f6', 'amz-sdk-invocation-id': b'672a9e92-3ba7-4cb6-9a2a-e44d6b20364b', 'amz-sdk-request': b'attempt=1'}>
[ 2025-11-21 00:49:22,948 ] botocore.httpsession - DEBUG - Certificate path: C:\Users\shahz\miniconda3\envs\Insurense\lib\site-packages\certifi\cacert.pem
[ 2025-11-21 00:49:23,296 ] urllib3.connectionpool - DEBUG - https://mlops-app-shahzaib.s3.amazonaws.com:443 "GET /model.pkl HTTP/1.1" 200 9558149
[ 2025-11-21 00:49:23,297 ] botocore.httpchecksum - DEBUG - Skipping checksum validation. Response did not contain one of the following algorithms: ['crc32', 'sha1', 'sha256'].
[ 2025-11-21 00:49:23,299 ] botocore.hooks - DEBUG - Event before-parse.s3.GetObject: calling handler <function _handle_200_error at 0x000001EF1AA315A0>
[ 2025-11-21 00:49:23,299 ] botocore.hooks - DEBUG - Event before-parse.s3.GetObject: calling handler <function handle_expires_header at 0x000001EF1AA313F0>
[ 2025-11-21 00:49:23,299 ] botocore.parsers - DEBUG - Response headers: {'x-amz-id-2': 'rZ1dpPKxNDFtNSHRug3Kco17wQBY7R0xirbVx16mYHh+9CD3mQgGXKhMZVj7H04MDbU14FcHPfc=', 'x-amz-request-id': 'C0YMZPC206VM8YWC', 'Date': 'Fri, 21 Nov 2025 08:49:24 GMT', 'Last-Modified': 'Fri, 21 Nov 2025 08:41:21 GMT', 'ETag': '"5d5a8fd2dd439df28d58839c8acd444b-2"', 'x-amz-checksum-crc32': 'ckstSg==-2', 'x-amz-checksum-type': 'COMPOSITE', 'x-amz-server-side-encryption': 'AES256', 'Accept-Ranges': 'bytes', 'Content-Type': 'binary/octet-stream', 'Content-Length': '9558149', 'Server': 'AmazonS3'}
[ 2025-11-21 00:49:23,300 ] botocore.parsers - DEBUG - Response body:
<botocore.response.StreamingBody object at 0x000001EF21C35360>
[ 2025-11-21 00:49:23,303 ] botocore.hooks - DEBUG - Event needs-retry.s3.GetObject: calling handler <function _update_status_code at 0x000001EF1AA316C0>
[ 2025-11-21 00:49:23,304 ] botocore.hooks - DEBUG - Event needs-retry.s3.GetObject: calling handler <botocore.retryhandler.RetryHandler object at 0x000001EF21B3E050>
[ 2025-11-21 00:49:23,304 ] botocore.retryhandler - DEBUG - No retry needed.
[ 2025-11-21 00:49:23,305 ] botocore.hooks - DEBUG - Event needs-retry.s3.GetObject: calling handler <bound method S3RegionRedirectorv2.redirect_from_error of <botocore.utils.S3RegionRedirectorv2 object at 0x000001EF21B3E110>>
[ 2025-11-21 00:49:23,305 ] boto3.resources.action - DEBUG - Response: {'ResponseMetadata': {'RequestId': 'C0YMZPC206VM8YWC', 'HostId': 'rZ1dpPKxNDFtNSHRug3Kco17wQBY7R0xirbVx16mYHh+9CD3mQgGXKhMZVj7H04MDbU14FcHPfc=', 'HTTPStatusCode': 200, 'HTTPHeaders': {'x-amz-id-2': 'rZ1dpPKxNDFtNSHRug3Kco17wQBY7R0xirbVx16mYHh+9CD3mQgGXKhMZVj7H04MDbU14FcHPfc=', 'x-amz-request-id': 'C0YMZPC206VM8YWC', 'date': 'Fri, 21 Nov 2025 08:49:24 GMT', 'last-modified': 'Fri, 21 Nov 2025 08:41:21 GMT', 'etag': '"5d5a8fd2dd439df28d58839c8acd444b-2"', 'x-amz-checksum-crc32': 'ckstSg==-2', 'x-amz-checksum-type': 'COMPOSITE', 'x-amz-server-side-encryption': 'AES256', 'accept-ranges': 'bytes', 'content-type': 'binary/octet-stream', 'content-length': '9558149', 'server': 'AmazonS3'}, 'RetryAttempts': 0}, 'AcceptRanges': 'bytes', 'LastModified': datetime.datetime(2025, 11, 21, 8, 41, 21, tzinfo=tzutc()), 'ContentLength': 9558149, 'ETag': '"5d5a8fd2dd439df28d58839c8acd444b-2"', 'ChecksumCRC32': 'ckstSg==-2', 'ChecksumType': 'COMPOSITE', 'ContentType': 'binary/octet-stream', 'ServerSideEncryption': 'AES256', 'Metadata': {}, 'Body': <botocore.response.StreamingBody object at 0x000001EF21C35360>}
[ 2025-11-21 00:49:43,362 ] root - INFO - Production model loaded from S3 bucket.
[ 2025-11-21 00:49:43,362 ] root - INFO - Starting prediction process.
[ 2025-11-21 00:49:43,378 ] root - ERROR - Error occurred in predict method
Traceback (most recent call last):
  File "D:\Code\ML OPS\Insurence-system\src\entity\estimator.py", line 38, in predict
    transformed_feature = self.preprocessing_object.transform(dataframe)
  File "C:\Users\shahz\miniconda3\envs\Insurense\lib\site-packages\sklearn\pipeline.py", line 1093, in transform
    Xt = transform.transform(Xt, **routed_params[name].transform)
  File "C:\Users\shahz\miniconda3\envs\Insurense\lib\site-packages\sklearn\utils\_set_output.py", line 316, in wrapped
    data_to_wrap = f(self, X, *args, **kwargs)
  File "C:\Users\shahz\miniconda3\envs\Insurense\lib\site-packages\sklearn\compose\_column_transformer.py", line 1085, in transform
    raise ValueError(f"columns are missing: {diff}")
ValueError: columns are missing: {'id'}
[ 2025-11-21 00:49:43,378 ] root - ERROR - Error occurred in python script: [D:\Code\ML OPS\Insurence-system\src\entity\estimator.py] at line number [38]: columns are missing: {'id'}
[ 2025-11-21 00:49:43,378 ] root - ERROR - Error occurred in python script: [D:\Code\ML OPS\Insurence-system\src\entity\s3_estimator.py] at line number [64]: Error occurred in python script: [D:\Code\ML OPS\Insurence-system\src\entity\estimator.py] at line number [38]: columns are missing: {'id'}
[ 2025-11-21 00:49:43,389 ] root - ERROR - Error occurred in python script: [D:\Code\ML OPS\Insurence-system\src\pipline\prediction_pipeline.py] at line number [105]: Error occurred in python script: [D:\Code\ML OPS\Insurence-system\src\entity\s3_estimator.py] at line number [64]: Error occurred in python script: [D:\Code\ML OPS\Insurence-system\src\entity\estimator.py] at line number [38]: columns are missing: {'id'}
