[ 2025-11-21 00:55:31,051 ] numexpr.utils - INFO - NumExpr defaulting to 4 threads.
[ 2025-11-21 00:55:33,284 ] asyncio - DEBUG - Using proactor: IocpProactor
[ 2025-11-21 00:55:47,461 ] python_multipart.multipart - DEBUG - Calling on_field_start with no data
[ 2025-11-21 00:55:47,461 ] python_multipart.multipart - DEBUG - Calling on_field_name with data[0:6]
[ 2025-11-21 00:55:47,461 ] python_multipart.multipart - DEBUG - Calling on_field_data with data[7:8]
[ 2025-11-21 00:55:47,463 ] python_multipart.multipart - DEBUG - Calling on_field_end with no data
[ 2025-11-21 00:55:47,464 ] python_multipart.multipart - DEBUG - Calling on_field_start with no data
[ 2025-11-21 00:55:47,464 ] python_multipart.multipart - DEBUG - Calling on_field_name with data[9:12]
[ 2025-11-21 00:55:47,465 ] python_multipart.multipart - DEBUG - Calling on_field_data with data[13:15]
[ 2025-11-21 00:55:47,465 ] python_multipart.multipart - DEBUG - Calling on_field_end with no data
[ 2025-11-21 00:55:47,466 ] python_multipart.multipart - DEBUG - Calling on_field_start with no data
[ 2025-11-21 00:55:47,466 ] python_multipart.multipart - DEBUG - Calling on_field_name with data[16:31]
[ 2025-11-21 00:55:47,467 ] python_multipart.multipart - DEBUG - Calling on_field_data with data[32:33]
[ 2025-11-21 00:55:47,467 ] python_multipart.multipart - DEBUG - Calling on_field_end with no data
[ 2025-11-21 00:55:47,468 ] python_multipart.multipart - DEBUG - Calling on_field_start with no data
[ 2025-11-21 00:55:47,468 ] python_multipart.multipart - DEBUG - Calling on_field_name with data[34:45]
[ 2025-11-21 00:55:47,469 ] python_multipart.multipart - DEBUG - Calling on_field_data with data[46:47]
[ 2025-11-21 00:55:47,470 ] python_multipart.multipart - DEBUG - Calling on_field_end with no data
[ 2025-11-21 00:55:47,470 ] python_multipart.multipart - DEBUG - Calling on_field_start with no data
[ 2025-11-21 00:55:47,471 ] python_multipart.multipart - DEBUG - Calling on_field_name with data[48:66]
[ 2025-11-21 00:55:47,472 ] python_multipart.multipart - DEBUG - Calling on_field_data with data[67:68]
[ 2025-11-21 00:55:47,472 ] python_multipart.multipart - DEBUG - Calling on_field_end with no data
[ 2025-11-21 00:55:47,473 ] python_multipart.multipart - DEBUG - Calling on_field_start with no data
[ 2025-11-21 00:55:47,474 ] python_multipart.multipart - DEBUG - Calling on_field_name with data[69:83]
[ 2025-11-21 00:55:47,475 ] python_multipart.multipart - DEBUG - Calling on_field_data with data[84:89]
[ 2025-11-21 00:55:47,476 ] python_multipart.multipart - DEBUG - Calling on_field_end with no data
[ 2025-11-21 00:55:47,479 ] python_multipart.multipart - DEBUG - Calling on_field_start with no data
[ 2025-11-21 00:55:47,480 ] python_multipart.multipart - DEBUG - Calling on_field_name with data[90:110]
[ 2025-11-21 00:55:47,482 ] python_multipart.multipart - DEBUG - Calling on_field_data with data[111:114]
[ 2025-11-21 00:55:47,483 ] python_multipart.multipart - DEBUG - Calling on_field_end with no data
[ 2025-11-21 00:55:47,484 ] python_multipart.multipart - DEBUG - Calling on_field_start with no data
[ 2025-11-21 00:55:47,484 ] python_multipart.multipart - DEBUG - Calling on_field_name with data[115:122]
[ 2025-11-21 00:55:47,485 ] python_multipart.multipart - DEBUG - Calling on_field_data with data[123:126]
[ 2025-11-21 00:55:47,486 ] python_multipart.multipart - DEBUG - Calling on_field_end with no data
[ 2025-11-21 00:55:47,486 ] python_multipart.multipart - DEBUG - Calling on_field_start with no data
[ 2025-11-21 00:55:47,487 ] python_multipart.multipart - DEBUG - Calling on_field_name with data[127:148]
[ 2025-11-21 00:55:47,487 ] python_multipart.multipart - DEBUG - Calling on_field_data with data[149:150]
[ 2025-11-21 00:55:47,488 ] python_multipart.multipart - DEBUG - Calling on_field_end with no data
[ 2025-11-21 00:55:47,488 ] python_multipart.multipart - DEBUG - Calling on_field_start with no data
[ 2025-11-21 00:55:47,489 ] python_multipart.multipart - DEBUG - Calling on_field_name with data[151:173]
[ 2025-11-21 00:55:47,489 ] python_multipart.multipart - DEBUG - Calling on_field_data with data[174:175]
[ 2025-11-21 00:55:47,490 ] python_multipart.multipart - DEBUG - Calling on_field_end with no data
[ 2025-11-21 00:55:47,490 ] python_multipart.multipart - DEBUG - Calling on_field_start with no data
[ 2025-11-21 00:55:47,491 ] python_multipart.multipart - DEBUG - Calling on_field_name with data[176:194]
[ 2025-11-21 00:55:47,491 ] python_multipart.multipart - DEBUG - Calling on_field_data with data[195:196]
[ 2025-11-21 00:55:47,492 ] python_multipart.multipart - DEBUG - Calling on_field_end with no data
[ 2025-11-21 00:55:47,493 ] python_multipart.multipart - DEBUG - Calling on_end with no data
[ 2025-11-21 00:55:47,493 ] root - INFO - Entered get_usvisa_data_as_dict method as VehicleData class
[ 2025-11-21 00:55:47,494 ] root - INFO - Created vehicle data dict
[ 2025-11-21 00:55:47,495 ] root - INFO - Exited get_vehicle_data_as_dict method as VehicleData class
[ 2025-11-21 00:55:47,500 ] root - INFO - Entered predict method of VehicleDataClassifier class
[ 2025-11-21 00:55:47,503 ] botocore.hooks - DEBUG - Changing event name from creating-client-class.iot-data to creating-client-class.iot-data-plane
[ 2025-11-21 00:55:47,506 ] botocore.hooks - DEBUG - Changing event name from before-call.apigateway to before-call.api-gateway
[ 2025-11-21 00:55:47,508 ] botocore.hooks - DEBUG - Changing event name from request-created.machinelearning.Predict to request-created.machine-learning.Predict
[ 2025-11-21 00:55:47,515 ] botocore.hooks - DEBUG - Changing event name from before-parameter-build.autoscaling.CreateLaunchConfiguration to before-parameter-build.auto-scaling.CreateLaunchConfiguration
[ 2025-11-21 00:55:47,517 ] botocore.hooks - DEBUG - Changing event name from before-parameter-build.route53 to before-parameter-build.route-53
[ 2025-11-21 00:55:47,519 ] botocore.hooks - DEBUG - Changing event name from request-created.cloudsearchdomain.Search to request-created.cloudsearch-domain.Search
[ 2025-11-21 00:55:47,521 ] botocore.hooks - DEBUG - Changing event name from docs.*.autoscaling.CreateLaunchConfiguration.complete-section to docs.*.auto-scaling.CreateLaunchConfiguration.complete-section
[ 2025-11-21 00:55:47,525 ] botocore.hooks - DEBUG - Changing event name from before-parameter-build.logs.CreateExportTask to before-parameter-build.cloudwatch-logs.CreateExportTask
[ 2025-11-21 00:55:47,531 ] botocore.hooks - DEBUG - Changing event name from docs.*.logs.CreateExportTask.complete-section to docs.*.cloudwatch-logs.CreateExportTask.complete-section
[ 2025-11-21 00:55:47,532 ] botocore.hooks - DEBUG - Changing event name from before-parameter-build.cloudsearchdomain.Search to before-parameter-build.cloudsearch-domain.Search
[ 2025-11-21 00:55:47,533 ] botocore.hooks - DEBUG - Changing event name from docs.*.cloudsearchdomain.Search.complete-section to docs.*.cloudsearch-domain.Search.complete-section
[ 2025-11-21 00:55:47,736 ] botocore.loaders - DEBUG - Loading JSON file: C:\Users\shahz\miniconda3\envs\Insurense\lib\site-packages\boto3\data\s3\2006-03-01\resources-1.json
[ 2025-11-21 00:55:47,741 ] botocore.loaders - DEBUG - Loading JSON file: C:\Users\shahz\miniconda3\envs\Insurense\lib\site-packages\botocore\data\endpoints.json
[ 2025-11-21 00:55:47,770 ] botocore.loaders - DEBUG - Loading JSON file: C:\Users\shahz\miniconda3\envs\Insurense\lib\site-packages\botocore\data\sdk-default-configuration.json
[ 2025-11-21 00:55:47,771 ] botocore.hooks - DEBUG - Event choose-service-name: calling handler <function handle_service_name_alias at 0x0000021D78BE1870>
[ 2025-11-21 00:55:47,912 ] botocore.loaders - DEBUG - Loading JSON file: C:\Users\shahz\miniconda3\envs\Insurense\lib\site-packages\botocore\data\s3\2006-03-01\service-2.json.gz
[ 2025-11-21 00:55:47,925 ] botocore.loaders - DEBUG - Loading JSON file: C:\Users\shahz\miniconda3\envs\Insurense\lib\site-packages\botocore\data\s3\2006-03-01\service-2.sdk-extras.json
[ 2025-11-21 00:55:48,054 ] botocore.loaders - DEBUG - Loading JSON file: C:\Users\shahz\miniconda3\envs\Insurense\lib\site-packages\botocore\data\s3\2006-03-01\endpoint-rule-set-1.json.gz
[ 2025-11-21 00:55:48,065 ] botocore.loaders - DEBUG - Loading JSON file: C:\Users\shahz\miniconda3\envs\Insurense\lib\site-packages\botocore\data\partitions.json
[ 2025-11-21 00:55:48,068 ] botocore.hooks - DEBUG - Event creating-client-class.s3: calling handler <function add_generate_presigned_post at 0x0000021D78B70430>
[ 2025-11-21 00:55:48,068 ] botocore.hooks - DEBUG - Event creating-client-class.s3: calling handler <function lazy_call.<locals>._handler at 0x0000021D7E080670>
[ 2025-11-21 00:55:48,070 ] botocore.hooks - DEBUG - Event creating-client-class.s3: calling handler <function add_generate_presigned_url at 0x0000021D78B701F0>
[ 2025-11-21 00:55:48,070 ] botocore.configprovider - DEBUG - Looking for endpoint for s3 via: environment_service
[ 2025-11-21 00:55:48,071 ] botocore.configprovider - DEBUG - Looking for endpoint for s3 via: environment_global
[ 2025-11-21 00:55:48,071 ] botocore.configprovider - DEBUG - Looking for endpoint for s3 via: config_service
[ 2025-11-21 00:55:48,072 ] botocore.configprovider - DEBUG - Looking for endpoint for s3 via: config_global
[ 2025-11-21 00:55:48,072 ] botocore.configprovider - DEBUG - No configured endpoint found.
[ 2025-11-21 00:55:48,077 ] botocore.endpoint - DEBUG - Setting s3 timeout as (60, 60)
[ 2025-11-21 00:55:48,084 ] botocore.loaders - DEBUG - Loading JSON file: C:\Users\shahz\miniconda3\envs\Insurense\lib\site-packages\botocore\data\_retry.json
[ 2025-11-21 00:55:48,085 ] botocore.client - DEBUG - Registering retry handlers for service: s3
[ 2025-11-21 00:55:48,086 ] botocore.utils - DEBUG - Registering S3 region redirector handler
[ 2025-11-21 00:55:48,087 ] botocore.utils - DEBUG - Registering S3Express Identity Resolver
[ 2025-11-21 00:55:48,088 ] boto3.resources.factory - DEBUG - Loading s3:s3
[ 2025-11-21 00:55:48,090 ] botocore.hooks - DEBUG - Event choose-service-name: calling handler <function handle_service_name_alias at 0x0000021D78BE1870>
[ 2025-11-21 00:55:48,093 ] botocore.hooks - DEBUG - Event creating-client-class.s3: calling handler <function add_generate_presigned_post at 0x0000021D78B70430>
[ 2025-11-21 00:55:48,094 ] botocore.hooks - DEBUG - Event creating-client-class.s3: calling handler <function lazy_call.<locals>._handler at 0x0000021D7E080670>
[ 2025-11-21 00:55:48,095 ] botocore.hooks - DEBUG - Event creating-client-class.s3: calling handler <function add_generate_presigned_url at 0x0000021D78B701F0>
[ 2025-11-21 00:55:48,096 ] botocore.configprovider - DEBUG - Looking for endpoint for s3 via: environment_service
[ 2025-11-21 00:55:48,096 ] botocore.configprovider - DEBUG - Looking for endpoint for s3 via: environment_global
[ 2025-11-21 00:55:48,097 ] botocore.configprovider - DEBUG - Looking for endpoint for s3 via: config_service
[ 2025-11-21 00:55:48,098 ] botocore.configprovider - DEBUG - Looking for endpoint for s3 via: config_global
[ 2025-11-21 00:55:48,098 ] botocore.configprovider - DEBUG - No configured endpoint found.
[ 2025-11-21 00:55:48,100 ] botocore.endpoint - DEBUG - Setting s3 timeout as (60, 60)
[ 2025-11-21 00:55:48,103 ] botocore.client - DEBUG - Registering retry handlers for service: s3
[ 2025-11-21 00:55:48,104 ] botocore.utils - DEBUG - Registering S3 region redirector handler
[ 2025-11-21 00:55:48,105 ] botocore.utils - DEBUG - Registering S3Express Identity Resolver
[ 2025-11-21 00:55:48,106 ] root - INFO - Entered the get_file_object method of SimpleStorageService class
[ 2025-11-21 00:55:48,106 ] root - INFO - Entered the get_bucket method of SimpleStorageService class
[ 2025-11-21 00:55:48,107 ] boto3.resources.factory - DEBUG - Loading s3:Bucket
[ 2025-11-21 00:55:48,108 ] boto3.resources.model - DEBUG - Renaming Bucket attribute name
[ 2025-11-21 00:55:48,109 ] botocore.hooks - DEBUG - Event creating-resource-class.s3.Bucket: calling handler <function lazy_call.<locals>._handler at 0x0000021D7E080820>
[ 2025-11-21 00:55:48,110 ] root - INFO - Exited the get_bucket method of SimpleStorageService class
[ 2025-11-21 00:55:48,224 ] botocore.loaders - DEBUG - Loading JSON file: C:\Users\shahz\miniconda3\envs\Insurense\lib\site-packages\botocore\data\s3\2006-03-01\paginators-1.json
[ 2025-11-21 00:55:48,225 ] botocore.loaders - DEBUG - Loading JSON file: C:\Users\shahz\miniconda3\envs\Insurense\lib\site-packages\botocore\data\s3\2006-03-01\paginators-1.sdk-extras.json
[ 2025-11-21 00:55:48,226 ] boto3.resources.collection - DEBUG - Calling paginated s3:list_objects with {'Bucket': 'mlops-app-shahzaib', 'Prefix': 'model.pkl'}
[ 2025-11-21 00:55:48,227 ] botocore.hooks - DEBUG - Event before-parameter-build.s3.ListObjects: calling handler <function set_list_objects_encoding_type_url at 0x0000021D78C00430>
[ 2025-11-21 00:55:48,227 ] botocore.hooks - DEBUG - Event before-parameter-build.s3.ListObjects: calling handler <function validate_bucket_name at 0x0000021D78BE3130>
[ 2025-11-21 00:55:48,228 ] botocore.hooks - DEBUG - Event before-parameter-build.s3.ListObjects: calling handler <function remove_bucket_from_url_paths_from_model at 0x0000021D78C01120>
[ 2025-11-21 00:55:48,228 ] botocore.hooks - DEBUG - Event before-parameter-build.s3.ListObjects: calling handler <bound method S3RegionRedirectorv2.annotate_request_context of <botocore.utils.S3RegionRedirectorv2 object at 0x0000021D7FD1DF90>>
[ 2025-11-21 00:55:48,229 ] botocore.hooks - DEBUG - Event before-parameter-build.s3.ListObjects: calling handler <bound method ClientCreator._inject_s3_input_parameters of <botocore.client.ClientCreator object at 0x0000021D7E0F1030>>
[ 2025-11-21 00:55:48,229 ] botocore.hooks - DEBUG - Event before-parameter-build.s3.ListObjects: calling handler <function generate_idempotent_uuid at 0x0000021D78BE2F80>
[ 2025-11-21 00:55:48,230 ] botocore.hooks - DEBUG - Event before-parameter-build.s3.ListObjects: calling handler <function _handle_request_validation_mode_member at 0x0000021D78C01750>
[ 2025-11-21 00:55:48,231 ] botocore.hooks - DEBUG - Event before-endpoint-resolution.s3: calling handler <function customize_endpoint_resolver_builtins at 0x0000021D78C012D0>
[ 2025-11-21 00:55:48,231 ] botocore.hooks - DEBUG - Event before-endpoint-resolution.s3: calling handler <bound method S3RegionRedirectorv2.redirect_from_cache of <botocore.utils.S3RegionRedirectorv2 object at 0x0000021D7FD1DF90>>
[ 2025-11-21 00:55:48,232 ] botocore.regions - DEBUG - Calling endpoint provider with parameters: {'Bucket': 'mlops-app-shahzaib', 'Region': 'us-east-1', 'UseFIPS': False, 'UseDualStack': False, 'ForcePathStyle': False, 'Accelerate': False, 'UseGlobalEndpoint': True, 'Prefix': 'model.pkl', 'DisableMultiRegionAccessPoints': False, 'UseArnRegion': True}
[ 2025-11-21 00:55:48,234 ] botocore.regions - DEBUG - Endpoint provider result: https://mlops-app-shahzaib.s3.amazonaws.com
[ 2025-11-21 00:55:48,234 ] botocore.regions - DEBUG - Selecting from endpoint provider's list of auth schemes: "sigv4". User selected auth scheme is: "None"
[ 2025-11-21 00:55:48,235 ] botocore.regions - DEBUG - Selected auth type "v4" as "v4" with signing context params: {'region': 'us-east-1', 'signing_name': 's3', 'disableDoubleEncoding': True}
[ 2025-11-21 00:55:48,236 ] botocore.hooks - DEBUG - Event before-call.s3.ListObjects: calling handler <function add_expect_header at 0x0000021D78BE3490>
[ 2025-11-21 00:55:48,236 ] botocore.hooks - DEBUG - Event before-call.s3.ListObjects: calling handler <bound method S3ExpressIdentityResolver.apply_signing_cache_key of <botocore.utils.S3ExpressIdentityResolver object at 0x0000021D7FD1E020>>
[ 2025-11-21 00:55:48,236 ] botocore.hooks - DEBUG - Event before-call.s3.ListObjects: calling handler <function add_recursion_detection_header at 0x0000021D78BE2B00>
[ 2025-11-21 00:55:48,237 ] botocore.hooks - DEBUG - Event before-call.s3.ListObjects: calling handler <function inject_api_version_header_if_needed at 0x0000021D78C00820>
[ 2025-11-21 00:55:48,237 ] botocore.endpoint - DEBUG - Making request for OperationModel(name=ListObjects) with params: {'url_path': '', 'query_string': {'prefix': 'model.pkl', 'encoding-type': 'url'}, 'method': 'GET', 'headers': {'User-Agent': 'Boto3/1.41.0 md/Botocore#1.41.0 ua/2.1 os/windows#10 md/arch#amd64 lang/python#3.10.19 md/pyimpl#CPython m/C,e,b,D,Z cfg/retry-mode#legacy Botocore/1.41.0 Resource'}, 'body': b'', 'auth_path': '/mlops-app-shahzaib/', 'url': 'https://mlops-app-shahzaib.s3.amazonaws.com/?prefix=model.pkl&encoding-type=url', 'context': {'client_region': 'us-east-1', 'client_config': <botocore.config.Config object at 0x0000021D7FCB7820>, 'has_streaming_input': False, 'auth_type': 'v4', 'unsigned_payload': None, 'auth_options': ['aws.auth#sigv4'], 'encoding_type_auto_set': True, 's3_redirect': {'redirected': False, 'bucket': 'mlops-app-shahzaib', 'params': {'Bucket': 'mlops-app-shahzaib', 'Prefix': 'model.pkl', 'EncodingType': 'url'}}, 'input_params': {'Bucket': 'mlops-app-shahzaib', 'Prefix': 'model.pkl'}, 'signing': {'region': 'us-east-1', 'signing_name': 's3', 'disableDoubleEncoding': True}, 'endpoint_properties': {'authSchemes': [{'disableDoubleEncoding': True, 'name': 'sigv4', 'signingName': 's3', 'signingRegion': 'us-east-1'}]}}}
[ 2025-11-21 00:55:48,238 ] botocore.hooks - DEBUG - Event request-created.s3.ListObjects: calling handler <bound method RequestSigner.handler of <botocore.signers.RequestSigner object at 0x0000021D7FCB7700>>
[ 2025-11-21 00:55:48,239 ] botocore.hooks - DEBUG - Event choose-signer.s3.ListObjects: calling handler <bound method ClientCreator._default_s3_presign_to_sigv2 of <botocore.client.ClientCreator object at 0x0000021D7E0F1030>>
[ 2025-11-21 00:55:48,239 ] botocore.hooks - DEBUG - Event choose-signer.s3.ListObjects: calling handler <function set_operation_specific_signer at 0x0000021D78BE2D40>
[ 2025-11-21 00:55:48,240 ] botocore.hooks - DEBUG - Event before-sign.s3.ListObjects: calling handler <function remove_arn_from_signing_path at 0x0000021D78C01240>
[ 2025-11-21 00:55:48,240 ] botocore.hooks - DEBUG - Event before-sign.s3.ListObjects: calling handler <function _set_extra_headers_for_unsigned_request at 0x0000021D78C017E0>
[ 2025-11-21 00:55:48,241 ] botocore.hooks - DEBUG - Event before-sign.s3.ListObjects: calling handler <bound method S3ExpressIdentityResolver.resolve_s3express_identity of <botocore.utils.S3ExpressIdentityResolver object at 0x0000021D7FD1E020>>
[ 2025-11-21 00:55:48,241 ] botocore.auth - DEBUG - Calculating signature using v4 auth.
[ 2025-11-21 00:55:48,242 ] botocore.auth - DEBUG - CanonicalRequest:
GET
/
encoding-type=url&prefix=model.pkl
host:mlops-app-shahzaib.s3.amazonaws.com
x-amz-content-sha256:e3b0c44298fc1c149afbf4c8996fb92427ae41e4649b934ca495991b7852b855
x-amz-date:20251121T085548Z

host;x-amz-content-sha256;x-amz-date
e3b0c44298fc1c149afbf4c8996fb92427ae41e4649b934ca495991b7852b855
[ 2025-11-21 00:55:48,242 ] botocore.auth - DEBUG - StringToSign:
AWS4-HMAC-SHA256
20251121T085548Z
20251121/us-east-1/s3/aws4_request
51b8c6d1668eefb66c3664c2eb70d03d447b0a551fb00af5d305bd47cc1ecbf5
[ 2025-11-21 00:55:48,243 ] botocore.auth - DEBUG - Signature:
843fb19c24f3843f10ebac40726d32348c92227ba54b5d585bb61623ec361b0e
[ 2025-11-21 00:55:48,243 ] botocore.hooks - DEBUG - Event request-created.s3.ListObjects: calling handler <bound method UserAgentString.rebuild_and_replace_user_agent_handler of <botocore.useragent.UserAgentString object at 0x0000021D7FD1D990>>
[ 2025-11-21 00:55:48,244 ] botocore.hooks - DEBUG - Event request-created.s3.ListObjects: calling handler <function add_retry_headers at 0x0000021D78C01090>
[ 2025-11-21 00:55:48,245 ] botocore.endpoint - DEBUG - Sending http request: <AWSPreparedRequest stream_output=False, method=GET, url=https://mlops-app-shahzaib.s3.amazonaws.com/?prefix=model.pkl&encoding-type=url, headers={'User-Agent': b'Boto3/1.41.0 md/Botocore#1.41.0 ua/2.1 os/windows#10 md/arch#amd64 lang/python#3.10.19 md/pyimpl#CPython m/C,e,b,D,Z cfg/retry-mode#legacy Botocore/1.41.0 Resource', 'X-Amz-Date': b'20251121T085548Z', 'X-Amz-Content-SHA256': b'e3b0c44298fc1c149afbf4c8996fb92427ae41e4649b934ca495991b7852b855', 'Authorization': b'AWS4-HMAC-SHA256 Credential=AKIA6KK2TEREDRVD7MMZ/20251121/us-east-1/s3/aws4_request, SignedHeaders=host;x-amz-content-sha256;x-amz-date, Signature=843fb19c24f3843f10ebac40726d32348c92227ba54b5d585bb61623ec361b0e', 'amz-sdk-invocation-id': b'8111ed43-8f91-47d9-8f41-77d7ded7c6fd', 'amz-sdk-request': b'attempt=1'}>
[ 2025-11-21 00:55:48,247 ] botocore.httpsession - DEBUG - Certificate path: C:\Users\shahz\miniconda3\envs\Insurense\lib\site-packages\certifi\cacert.pem
[ 2025-11-21 00:55:48,248 ] urllib3.connectionpool - DEBUG - Starting new HTTPS connection (1): mlops-app-shahzaib.s3.amazonaws.com:443
[ 2025-11-21 00:55:49,659 ] urllib3.connectionpool - DEBUG - https://mlops-app-shahzaib.s3.amazonaws.com:443 "GET /?prefix=model.pkl&encoding-type=url HTTP/1.1" 200 None
[ 2025-11-21 00:55:49,661 ] botocore.hooks - DEBUG - Event before-parse.s3.ListObjects: calling handler <function _handle_200_error at 0x0000021D78C015A0>
[ 2025-11-21 00:55:49,662 ] botocore.hooks - DEBUG - Event before-parse.s3.ListObjects: calling handler <function handle_expires_header at 0x0000021D78C013F0>
[ 2025-11-21 00:55:49,664 ] botocore.parsers - DEBUG - Response headers: {'x-amz-id-2': 'tf8NqBm8hZS0gky+dW1NC+F5ccB3g06/Xi8CbnXtoY1rbCU/8LyEDL+yqr8JmftgPyRWoEsz+STf2Ddv+Fnpv7kCVMnHeDME', 'x-amz-request-id': 'WZHH0DK6WBGYENA8', 'Date': 'Fri, 21 Nov 2025 08:55:50 GMT', 'x-amz-bucket-region': 'us-east-1', 'Content-Type': 'application/xml', 'Transfer-Encoding': 'chunked', 'Server': 'AmazonS3'}
[ 2025-11-21 00:55:49,665 ] botocore.parsers - DEBUG - Response body:
b'<?xml version="1.0" encoding="UTF-8"?>\n<ListBucketResult xmlns="http://s3.amazonaws.com/doc/2006-03-01/"><Name>mlops-app-shahzaib</Name><Prefix>model.pkl</Prefix><Marker></Marker><MaxKeys>1000</MaxKeys><EncodingType>url</EncodingType><IsTruncated>false</IsTruncated><Contents><Key>model.pkl</Key><LastModified>2025-11-21T08:41:21.000Z</LastModified><ETag>&quot;5d5a8fd2dd439df28d58839c8acd444b-2&quot;</ETag><ChecksumAlgorithm>CRC32</ChecksumAlgorithm><ChecksumType>COMPOSITE</ChecksumType><Size>9558149</Size><Owner><ID>0eebe2e8e173ba4ec0bdd4d82694908498c8befec1e185638d66633623b69659</ID></Owner><StorageClass>STANDARD</StorageClass></Contents></ListBucketResult>'
[ 2025-11-21 00:55:49,666 ] botocore.hooks - DEBUG - Event needs-retry.s3.ListObjects: calling handler <function _update_status_code at 0x0000021D78C016C0>
[ 2025-11-21 00:55:49,667 ] botocore.hooks - DEBUG - Event needs-retry.s3.ListObjects: calling handler <botocore.retryhandler.RetryHandler object at 0x0000021D7FD1DED0>
[ 2025-11-21 00:55:49,667 ] botocore.retryhandler - DEBUG - No retry needed.
[ 2025-11-21 00:55:49,667 ] botocore.hooks - DEBUG - Event needs-retry.s3.ListObjects: calling handler <bound method S3RegionRedirectorv2.redirect_from_error of <botocore.utils.S3RegionRedirectorv2 object at 0x0000021D7FD1DF90>>
[ 2025-11-21 00:55:49,668 ] botocore.hooks - DEBUG - Event after-call.s3.ListObjects: calling handler <function decode_list_object at 0x0000021D78C004C0>
[ 2025-11-21 00:55:49,668 ] boto3.resources.factory - DEBUG - Loading s3:ObjectSummary
[ 2025-11-21 00:55:49,668 ] boto3.resources.model - DEBUG - Renaming ObjectSummary attribute key
[ 2025-11-21 00:55:49,669 ] botocore.hooks - DEBUG - Event creating-resource-class.s3.ObjectSummary: calling handler <function lazy_call.<locals>._handler at 0x0000021D7E080CA0>
[ 2025-11-21 00:55:49,671 ] root - INFO - Exited the get_file_object method of SimpleStorageService class
[ 2025-11-21 00:55:49,672 ] boto3.resources.action - DEBUG - Calling s3:get_object with {'Bucket': 'mlops-app-shahzaib', 'Key': 'model.pkl'}
[ 2025-11-21 00:55:49,672 ] botocore.hooks - DEBUG - Event before-parameter-build.s3.GetObject: calling handler <function sse_md5 at 0x0000021D78BE31C0>
[ 2025-11-21 00:55:49,673 ] botocore.hooks - DEBUG - Event before-parameter-build.s3.GetObject: calling handler <function validate_bucket_name at 0x0000021D78BE3130>
[ 2025-11-21 00:55:49,673 ] botocore.hooks - DEBUG - Event before-parameter-build.s3.GetObject: calling handler <function remove_bucket_from_url_paths_from_model at 0x0000021D78C01120>
[ 2025-11-21 00:55:49,673 ] botocore.hooks - DEBUG - Event before-parameter-build.s3.GetObject: calling handler <bound method S3RegionRedirectorv2.annotate_request_context of <botocore.utils.S3RegionRedirectorv2 object at 0x0000021D7FD1DF90>>
[ 2025-11-21 00:55:49,673 ] botocore.hooks - DEBUG - Event before-parameter-build.s3.GetObject: calling handler <bound method ClientCreator._inject_s3_input_parameters of <botocore.client.ClientCreator object at 0x0000021D7E0F1030>>
[ 2025-11-21 00:55:49,675 ] botocore.hooks - DEBUG - Event before-parameter-build.s3.GetObject: calling handler <function generate_idempotent_uuid at 0x0000021D78BE2F80>
[ 2025-11-21 00:55:49,675 ] botocore.hooks - DEBUG - Event before-parameter-build.s3.GetObject: calling handler <function _handle_request_validation_mode_member at 0x0000021D78C01750>
[ 2025-11-21 00:55:49,676 ] botocore.hooks - DEBUG - Event before-endpoint-resolution.s3: calling handler <function customize_endpoint_resolver_builtins at 0x0000021D78C012D0>
[ 2025-11-21 00:55:49,676 ] botocore.hooks - DEBUG - Event before-endpoint-resolution.s3: calling handler <bound method S3RegionRedirectorv2.redirect_from_cache of <botocore.utils.S3RegionRedirectorv2 object at 0x0000021D7FD1DF90>>
[ 2025-11-21 00:55:49,676 ] botocore.regions - DEBUG - Calling endpoint provider with parameters: {'Bucket': 'mlops-app-shahzaib', 'Region': 'us-east-1', 'UseFIPS': False, 'UseDualStack': False, 'ForcePathStyle': False, 'Accelerate': False, 'UseGlobalEndpoint': True, 'Key': 'model.pkl', 'DisableMultiRegionAccessPoints': False, 'UseArnRegion': True}
[ 2025-11-21 00:55:49,678 ] botocore.regions - DEBUG - Endpoint provider result: https://mlops-app-shahzaib.s3.amazonaws.com
[ 2025-11-21 00:55:49,679 ] botocore.regions - DEBUG - Selecting from endpoint provider's list of auth schemes: "sigv4". User selected auth scheme is: "None"
[ 2025-11-21 00:55:49,679 ] botocore.regions - DEBUG - Selected auth type "v4" as "v4" with signing context params: {'region': 'us-east-1', 'signing_name': 's3', 'disableDoubleEncoding': True}
[ 2025-11-21 00:55:49,680 ] botocore.hooks - DEBUG - Event before-call.s3.GetObject: calling handler <function add_expect_header at 0x0000021D78BE3490>
[ 2025-11-21 00:55:49,680 ] botocore.hooks - DEBUG - Event before-call.s3.GetObject: calling handler <bound method S3ExpressIdentityResolver.apply_signing_cache_key of <botocore.utils.S3ExpressIdentityResolver object at 0x0000021D7FD1E020>>
[ 2025-11-21 00:55:49,681 ] botocore.hooks - DEBUG - Event before-call.s3.GetObject: calling handler <function add_recursion_detection_header at 0x0000021D78BE2B00>
[ 2025-11-21 00:55:49,681 ] botocore.hooks - DEBUG - Event before-call.s3.GetObject: calling handler <function inject_api_version_header_if_needed at 0x0000021D78C00820>
[ 2025-11-21 00:55:49,681 ] botocore.endpoint - DEBUG - Making request for OperationModel(name=GetObject) with params: {'url_path': '/model.pkl', 'query_string': {}, 'method': 'GET', 'headers': {'x-amz-checksum-mode': 'ENABLED', 'User-Agent': 'Boto3/1.41.0 md/Botocore#1.41.0 ua/2.1 os/windows#10 md/arch#amd64 lang/python#3.10.19 md/pyimpl#CPython m/e,b,D,Z cfg/retry-mode#legacy Botocore/1.41.0 Resource'}, 'body': b'', 'auth_path': '/mlops-app-shahzaib/model.pkl', 'url': 'https://mlops-app-shahzaib.s3.amazonaws.com/model.pkl', 'context': {'client_region': 'us-east-1', 'client_config': <botocore.config.Config object at 0x0000021D7FCB7820>, 'has_streaming_input': False, 'auth_type': 'v4', 'unsigned_payload': None, 'auth_options': ['aws.auth#sigv4'], 's3_redirect': {'redirected': False, 'bucket': 'mlops-app-shahzaib', 'params': {'Bucket': 'mlops-app-shahzaib', 'Key': 'model.pkl', 'ChecksumMode': 'ENABLED'}}, 'input_params': {'Bucket': 'mlops-app-shahzaib', 'Key': 'model.pkl'}, 'signing': {'region': 'us-east-1', 'signing_name': 's3', 'disableDoubleEncoding': True}, 'endpoint_properties': {'authSchemes': [{'disableDoubleEncoding': True, 'name': 'sigv4', 'signingName': 's3', 'signingRegion': 'us-east-1'}]}, 'checksum': {'response_algorithms': ['crc32', 'sha1', 'sha256']}}}
[ 2025-11-21 00:55:49,682 ] botocore.hooks - DEBUG - Event request-created.s3.GetObject: calling handler <bound method RequestSigner.handler of <botocore.signers.RequestSigner object at 0x0000021D7FCB7700>>
[ 2025-11-21 00:55:49,683 ] botocore.hooks - DEBUG - Event choose-signer.s3.GetObject: calling handler <bound method ClientCreator._default_s3_presign_to_sigv2 of <botocore.client.ClientCreator object at 0x0000021D7E0F1030>>
[ 2025-11-21 00:55:49,683 ] botocore.hooks - DEBUG - Event choose-signer.s3.GetObject: calling handler <function set_operation_specific_signer at 0x0000021D78BE2D40>
[ 2025-11-21 00:55:49,684 ] botocore.hooks - DEBUG - Event before-sign.s3.GetObject: calling handler <function remove_arn_from_signing_path at 0x0000021D78C01240>
[ 2025-11-21 00:55:49,684 ] botocore.hooks - DEBUG - Event before-sign.s3.GetObject: calling handler <function _set_extra_headers_for_unsigned_request at 0x0000021D78C017E0>
[ 2025-11-21 00:55:49,684 ] botocore.hooks - DEBUG - Event before-sign.s3.GetObject: calling handler <bound method S3ExpressIdentityResolver.resolve_s3express_identity of <botocore.utils.S3ExpressIdentityResolver object at 0x0000021D7FD1E020>>
[ 2025-11-21 00:55:49,685 ] botocore.auth - DEBUG - Calculating signature using v4 auth.
[ 2025-11-21 00:55:49,685 ] botocore.auth - DEBUG - CanonicalRequest:
GET
/model.pkl

host:mlops-app-shahzaib.s3.amazonaws.com
x-amz-checksum-mode:ENABLED
x-amz-content-sha256:e3b0c44298fc1c149afbf4c8996fb92427ae41e4649b934ca495991b7852b855
x-amz-date:20251121T085549Z

host;x-amz-checksum-mode;x-amz-content-sha256;x-amz-date
e3b0c44298fc1c149afbf4c8996fb92427ae41e4649b934ca495991b7852b855
[ 2025-11-21 00:55:49,685 ] botocore.auth - DEBUG - StringToSign:
AWS4-HMAC-SHA256
20251121T085549Z
20251121/us-east-1/s3/aws4_request
353365f3926ee1a150a0b3fbebc5161ea4aabf980af7d15b43d79ce6ba6bc7f8
[ 2025-11-21 00:55:49,685 ] botocore.auth - DEBUG - Signature:
7fe4c3c5edb947c0d01218156639efd697c90c597a1df844becc2d82fd64b960
[ 2025-11-21 00:55:49,687 ] botocore.hooks - DEBUG - Event request-created.s3.GetObject: calling handler <bound method UserAgentString.rebuild_and_replace_user_agent_handler of <botocore.useragent.UserAgentString object at 0x0000021D7FD1D990>>
[ 2025-11-21 00:55:49,687 ] botocore.hooks - DEBUG - Event request-created.s3.GetObject: calling handler <function add_retry_headers at 0x0000021D78C01090>
[ 2025-11-21 00:55:49,687 ] botocore.endpoint - DEBUG - Sending http request: <AWSPreparedRequest stream_output=True, method=GET, url=https://mlops-app-shahzaib.s3.amazonaws.com/model.pkl, headers={'x-amz-checksum-mode': b'ENABLED', 'User-Agent': b'Boto3/1.41.0 md/Botocore#1.41.0 ua/2.1 os/windows#10 md/arch#amd64 lang/python#3.10.19 md/pyimpl#CPython m/e,b,D,Z cfg/retry-mode#legacy Botocore/1.41.0 Resource', 'X-Amz-Date': b'20251121T085549Z', 'X-Amz-Content-SHA256': b'e3b0c44298fc1c149afbf4c8996fb92427ae41e4649b934ca495991b7852b855', 'Authorization': b'AWS4-HMAC-SHA256 Credential=AKIA6KK2TEREDRVD7MMZ/20251121/us-east-1/s3/aws4_request, SignedHeaders=host;x-amz-checksum-mode;x-amz-content-sha256;x-amz-date, Signature=7fe4c3c5edb947c0d01218156639efd697c90c597a1df844becc2d82fd64b960', 'amz-sdk-invocation-id': b'73556907-8baa-4285-8853-08e4fb354f03', 'amz-sdk-request': b'attempt=1'}>
[ 2025-11-21 00:55:49,688 ] botocore.httpsession - DEBUG - Certificate path: C:\Users\shahz\miniconda3\envs\Insurense\lib\site-packages\certifi\cacert.pem
[ 2025-11-21 00:55:50,008 ] urllib3.connectionpool - DEBUG - https://mlops-app-shahzaib.s3.amazonaws.com:443 "GET /model.pkl HTTP/1.1" 200 9558149
[ 2025-11-21 00:55:50,009 ] botocore.httpchecksum - DEBUG - Skipping checksum validation. Response did not contain one of the following algorithms: ['crc32', 'sha1', 'sha256'].
[ 2025-11-21 00:55:50,010 ] botocore.hooks - DEBUG - Event before-parse.s3.GetObject: calling handler <function _handle_200_error at 0x0000021D78C015A0>
[ 2025-11-21 00:55:50,011 ] botocore.hooks - DEBUG - Event before-parse.s3.GetObject: calling handler <function handle_expires_header at 0x0000021D78C013F0>
[ 2025-11-21 00:55:50,013 ] botocore.parsers - DEBUG - Response headers: {'x-amz-id-2': 'Abzmvm7tbvNoh7Va6698u26vq8oFyNCaNA26ZiuBE/5zMOdfdtqW6Vf15mi0WbUscBXPA/mu3TnL4It0O/yHFtgcHQud21KK', 'x-amz-request-id': 'KTBZP5DTM1V8KRBM', 'Date': 'Fri, 21 Nov 2025 08:55:51 GMT', 'Last-Modified': 'Fri, 21 Nov 2025 08:41:21 GMT', 'ETag': '"5d5a8fd2dd439df28d58839c8acd444b-2"', 'x-amz-checksum-crc32': 'ckstSg==-2', 'x-amz-checksum-type': 'COMPOSITE', 'x-amz-server-side-encryption': 'AES256', 'Accept-Ranges': 'bytes', 'Content-Type': 'binary/octet-stream', 'Content-Length': '9558149', 'Server': 'AmazonS3'}
[ 2025-11-21 00:55:50,013 ] botocore.parsers - DEBUG - Response body:
<botocore.response.StreamingBody object at 0x0000021D7FE194B0>
[ 2025-11-21 00:55:50,016 ] botocore.hooks - DEBUG - Event needs-retry.s3.GetObject: calling handler <function _update_status_code at 0x0000021D78C016C0>
[ 2025-11-21 00:55:50,017 ] botocore.hooks - DEBUG - Event needs-retry.s3.GetObject: calling handler <botocore.retryhandler.RetryHandler object at 0x0000021D7FD1DED0>
[ 2025-11-21 00:55:50,017 ] botocore.retryhandler - DEBUG - No retry needed.
[ 2025-11-21 00:55:50,018 ] botocore.hooks - DEBUG - Event needs-retry.s3.GetObject: calling handler <bound method S3RegionRedirectorv2.redirect_from_error of <botocore.utils.S3RegionRedirectorv2 object at 0x0000021D7FD1DF90>>
[ 2025-11-21 00:55:50,019 ] boto3.resources.action - DEBUG - Response: {'ResponseMetadata': {'RequestId': 'KTBZP5DTM1V8KRBM', 'HostId': 'Abzmvm7tbvNoh7Va6698u26vq8oFyNCaNA26ZiuBE/5zMOdfdtqW6Vf15mi0WbUscBXPA/mu3TnL4It0O/yHFtgcHQud21KK', 'HTTPStatusCode': 200, 'HTTPHeaders': {'x-amz-id-2': 'Abzmvm7tbvNoh7Va6698u26vq8oFyNCaNA26ZiuBE/5zMOdfdtqW6Vf15mi0WbUscBXPA/mu3TnL4It0O/yHFtgcHQud21KK', 'x-amz-request-id': 'KTBZP5DTM1V8KRBM', 'date': 'Fri, 21 Nov 2025 08:55:51 GMT', 'last-modified': 'Fri, 21 Nov 2025 08:41:21 GMT', 'etag': '"5d5a8fd2dd439df28d58839c8acd444b-2"', 'x-amz-checksum-crc32': 'ckstSg==-2', 'x-amz-checksum-type': 'COMPOSITE', 'x-amz-server-side-encryption': 'AES256', 'accept-ranges': 'bytes', 'content-type': 'binary/octet-stream', 'content-length': '9558149', 'server': 'AmazonS3'}, 'RetryAttempts': 0}, 'AcceptRanges': 'bytes', 'LastModified': datetime.datetime(2025, 11, 21, 8, 41, 21, tzinfo=tzutc()), 'ContentLength': 9558149, 'ETag': '"5d5a8fd2dd439df28d58839c8acd444b-2"', 'ChecksumCRC32': 'ckstSg==-2', 'ChecksumType': 'COMPOSITE', 'ContentType': 'binary/octet-stream', 'ServerSideEncryption': 'AES256', 'Metadata': {}, 'Body': <botocore.response.StreamingBody object at 0x0000021D7FE194B0>}
[ 2025-11-21 00:56:11,382 ] root - INFO - Production model loaded from S3 bucket.
[ 2025-11-21 00:56:11,384 ] root - INFO - Starting prediction process.
[ 2025-11-21 00:56:11,410 ] root - INFO - Using the trained model to get predictions
